<?php return array (
  0 => 'Symfony\\Bundle\\FrameworkBundle\\Controller\\AbstractController',
  1 => 'Symfony\\Bundle\\FrameworkBundle\\Controller\\Controller',
  2 => 'AppBundle\\Controller\\AbstractCartAware',
  3 => 'AppBundle\\Controller\\AbstractController',
  4 => 'AppBundle\\Controller\\AccountController',
  5 => 'AppBundle\\Controller\\CartController',
  6 => 'AppBundle\\Controller\\CheckoutController',
  7 => 'AppBundle\\Controller\\ContentController',
  8 => 'AppBundle\\Controller\\DefaultController',
  9 => 'AppBundle\\Controller\\EmailController',
  10 => 'AppBundle\\Controller\\HandlePaymentController',
  11 => 'AppBundle\\Controller\\PaymentController',
  12 => 'AppBundle\\Controller\\PaymentSeamlessController',
  13 => 'AppBundle\\Controller\\QuickCheckoutController',
  14 => 'AppBundle\\Controller\\ShopController',
  15 => 'AppBundle\\Controller\\Web2printController',
  16 => 'CustomerManagementFrameworkBundle\\Controller\\Admin',
  17 => 'CustomerManagementFrameworkBundle\\Controller\\Admin\\ActivitiesController',
  18 => 'CustomerManagementFrameworkBundle\\Controller\\Admin\\CustomersController',
  19 => 'CustomerManagementFrameworkBundle\\Controller\\Admin\\Customers\\FilterDefinitionController',
  20 => 'CustomerManagementFrameworkBundle\\Controller\\Admin\\DuplicatesController',
  21 => 'CustomerManagementFrameworkBundle\\Controller\\Admin\\GDPRDataController',
  22 => 'CustomerManagementFrameworkBundle\\Controller\\Admin\\HelperController',
  23 => 'CustomerManagementFrameworkBundle\\Controller\\Admin\\RulesController',
  24 => 'CustomerManagementFrameworkBundle\\Controller\\Admin\\SegmentAssignmentController',
  25 => 'CustomerManagementFrameworkBundle\\Controller\\Admin\\TemplatesController',
  26 => 'CustomerManagementFrameworkBundle\\Controller\\Preview\\ObjectPreviewController',
  27 => 'CustomerManagementFrameworkBundle\\Controller\\Report\\TermSegmentBuilderController',
  28 => 'CustomerManagementFrameworkBundle\\Controller\\Rest\\Api\\ActivitiesController',
  29 => 'CustomerManagementFrameworkBundle\\Controller\\Rest\\Api\\CustomersController',
  30 => 'CustomerManagementFrameworkBundle\\Controller\\Rest\\Api\\DeletionsController',
  31 => 'CustomerManagementFrameworkBundle\\Controller\\Rest\\Api\\SegmentGroupsController',
  32 => 'CustomerManagementFrameworkBundle\\Controller\\Rest\\Api\\SegmentsController',
  33 => 'CustomerManagementFrameworkBundle\\Controller\\Rest\\Api\\SegmentsOfCustomersController',
  34 => 'CustomerManagementFrameworkBundle\\Controller\\Rest\\CrudHandlerController',
  35 => 'CustomerManagementFrameworkBundle\\Controller\\Rest\\Mailchimp\\WebhookController',
  36 => 'CustomerManagementFrameworkBundle\\Controller\\Rest\\Newsletter\\AdminController',
  37 => 'CustomerManagementFrameworkBundle\\Controller\\Rest\\RestHandlerController',
  38 => 'Doctrine\\Bundle\\DoctrineBundle\\Controller\\ProfilerController',
  39 => 'HWI\\Bundle\\OAuthBundle\\Controller\\ConnectController',
  40 => 'OutputDataConfigToolkitBundle\\Controller\\AdminController',
  41 => 'OutputDataConfigToolkitBundle\\Controller\\RestController',
  42 => 'Pimcore\\Bundle\\AdminBundle\\Controller\\AdminController',
  43 => 'Pimcore\\Bundle\\AdminBundle\\Controller\\AdminControllerInterface',
  44 => 'Pimcore\\Bundle\\AdminBundle\\Controller\\Admin\\AssetController',
  45 => 'Pimcore\\Bundle\\AdminBundle\\Controller\\Admin\\DataObject\\ClassController',
  46 => 'Pimcore\\Bundle\\AdminBundle\\Controller\\Admin\\DataObject\\ClassificationstoreController',
  47 => 'Pimcore\\Bundle\\AdminBundle\\Controller\\Admin\\DataObject\\DataObjectController',
  48 => 'Pimcore\\Bundle\\AdminBundle\\Controller\\Admin\\DataObject\\DataObjectHelperController',
  49 => 'Pimcore\\Bundle\\AdminBundle\\Controller\\Admin\\DataObject\\QuantityValueController',
  50 => 'Pimcore\\Bundle\\AdminBundle\\Controller\\Admin\\DataObject\\VariantsController',
  51 => 'Pimcore\\Bundle\\AdminBundle\\Controller\\Admin\\Document\\DocumentController',
  52 => 'Pimcore\\Bundle\\AdminBundle\\Controller\\Admin\\Document\\DocumentControllerBase',
  53 => 'Pimcore\\Bundle\\AdminBundle\\Controller\\Admin\\Document\\EmailController',
  54 => 'Pimcore\\Bundle\\AdminBundle\\Controller\\Admin\\Document\\FolderController',
  55 => 'Pimcore\\Bundle\\AdminBundle\\Controller\\Admin\\Document\\HardlinkController',
  56 => 'Pimcore\\Bundle\\AdminBundle\\Controller\\Admin\\Document\\LinkController',
  57 => 'Pimcore\\Bundle\\AdminBundle\\Controller\\Admin\\Document\\NewsletterController',
  58 => 'Pimcore\\Bundle\\AdminBundle\\Controller\\Admin\\Document\\PageController',
  59 => 'Pimcore\\Bundle\\AdminBundle\\Controller\\Admin\\Document\\PrintcontainerController',
  60 => 'Pimcore\\Bundle\\AdminBundle\\Controller\\Admin\\Document\\PrintpageController',
  61 => 'Pimcore\\Bundle\\AdminBundle\\Controller\\Admin\\Document\\PrintpageControllerBase',
  62 => 'Pimcore\\Bundle\\AdminBundle\\Controller\\Admin\\Document\\RenderletController',
  63 => 'Pimcore\\Bundle\\AdminBundle\\Controller\\Admin\\Document\\SnippetController',
  64 => 'Pimcore\\Bundle\\AdminBundle\\Controller\\Admin\\ElementController',
  65 => 'Pimcore\\Bundle\\AdminBundle\\Controller\\Admin\\ElementControllerBase',
  66 => 'Pimcore\\Bundle\\AdminBundle\\Controller\\Admin\\EmailController',
  67 => 'Pimcore\\Bundle\\AdminBundle\\Controller\\Admin\\External\\AdminerController',
  68 => 'Pimcore\\Bundle\\AdminBundle\\Controller\\Admin\\External\\LinfoController',
  69 => 'Pimcore\\Bundle\\AdminBundle\\Controller\\Admin\\External\\OpcacheController',
  70 => 'Pimcore\\Bundle\\AdminBundle\\Controller\\Admin\\IndexController',
  71 => 'Pimcore\\Bundle\\AdminBundle\\Controller\\Admin\\InstallController',
  72 => 'Pimcore\\Bundle\\AdminBundle\\Controller\\Admin\\LogController',
  73 => 'Pimcore\\Bundle\\AdminBundle\\Controller\\Admin\\LoginController',
  74 => 'Pimcore\\Bundle\\AdminBundle\\Controller\\Admin\\MiscController',
  75 => 'Pimcore\\Bundle\\AdminBundle\\Controller\\Admin\\PortalController',
  76 => 'Pimcore\\Bundle\\AdminBundle\\Controller\\Admin\\RecyclebinController',
  77 => 'Pimcore\\Bundle\\AdminBundle\\Controller\\Admin\\RedirectsController',
  78 => 'Pimcore\\Bundle\\AdminBundle\\Controller\\Admin\\SettingsController',
  79 => 'Pimcore\\Bundle\\AdminBundle\\Controller\\Admin\\TagsController',
  80 => 'Pimcore\\Bundle\\AdminBundle\\Controller\\Admin\\TargetingController',
  81 => 'Pimcore\\Bundle\\AdminBundle\\Controller\\Admin\\TranslationController',
  82 => 'Pimcore\\Bundle\\AdminBundle\\Controller\\Admin\\UserController',
  83 => 'Pimcore\\Bundle\\AdminBundle\\Controller\\Admin\\WorkflowController',
  84 => 'Pimcore\\Bundle\\AdminBundle\\Controller\\BruteforceProtectedControllerInterface',
  85 => 'Pimcore\\Bundle\\AdminBundle\\Controller\\DoubleAuthenticationControllerInterface',
  86 => 'Pimcore\\Bundle\\AdminBundle\\Controller\\ExtensionManager\\ExtensionManagerController',
  87 => 'Pimcore\\Bundle\\AdminBundle\\Controller\\GDPR\\AdminController',
  88 => 'Pimcore\\Bundle\\AdminBundle\\Controller\\GDPR\\AssetController',
  89 => 'Pimcore\\Bundle\\AdminBundle\\Controller\\GDPR\\DataObjectController',
  90 => 'Pimcore\\Bundle\\AdminBundle\\Controller\\GDPR\\PimcoreUsersController',
  91 => 'Pimcore\\Bundle\\AdminBundle\\Controller\\GDPR\\SentMailController',
  92 => 'Pimcore\\Bundle\\AdminBundle\\Controller\\Reports\\AnalyticsController',
  93 => 'Pimcore\\Bundle\\AdminBundle\\Controller\\Reports\\CustomReportController',
  94 => 'Pimcore\\Bundle\\AdminBundle\\Controller\\Reports\\PiwikController',
  95 => 'Pimcore\\Bundle\\AdminBundle\\Controller\\Reports\\QrcodeController',
  96 => 'Pimcore\\Bundle\\AdminBundle\\Controller\\Reports\\ReportsControllerBase',
  97 => 'Pimcore\\Bundle\\AdminBundle\\Controller\\Reports\\SettingsController',
  98 => 'Pimcore\\Bundle\\AdminBundle\\Controller\\Rest\\AbstractRestController',
  99 => 'Pimcore\\Bundle\\AdminBundle\\Controller\\Rest\\ClassController',
  100 => 'Pimcore\\Bundle\\AdminBundle\\Controller\\Rest\\Element\\AbstractElementController',
  101 => 'Pimcore\\Bundle\\AdminBundle\\Controller\\Rest\\Element\\AssetController',
  102 => 'Pimcore\\Bundle\\AdminBundle\\Controller\\Rest\\Element\\DataObjectController',
  103 => 'Pimcore\\Bundle\\AdminBundle\\Controller\\Rest\\Element\\DocumentController',
  104 => 'Pimcore\\Bundle\\AdminBundle\\Controller\\Rest\\Element\\TagController',
  105 => 'Pimcore\\Bundle\\AdminBundle\\Controller\\Rest\\ImageController',
  106 => 'Pimcore\\Bundle\\AdminBundle\\Controller\\Rest\\InfoController',
  107 => 'Pimcore\\Bundle\\AdminBundle\\Controller\\Searchadmin\\SearchController',
  108 => 'Pimcore\\Bundle\\CoreBundle\\Controller\\PublicServicesController',
  109 => 'Pimcore\\Bundle\\EcommerceFrameworkBundle\\Controller\\AdminOrderController',
  110 => 'Pimcore\\Bundle\\EcommerceFrameworkBundle\\Controller\\ConfigController',
  111 => 'Pimcore\\Bundle\\EcommerceFrameworkBundle\\Controller\\FindologicController',
  112 => 'Pimcore\\Bundle\\EcommerceFrameworkBundle\\Controller\\IndexController',
  113 => 'Pimcore\\Bundle\\EcommerceFrameworkBundle\\Controller\\PricingController',
  114 => 'Pimcore\\Bundle\\EcommerceFrameworkBundle\\Controller\\Reports\\PiwikController',
  115 => 'Pimcore\\Bundle\\EcommerceFrameworkBundle\\Controller\\VoucherController',
  116 => 'Pimcore\\Bundle\\ObjectMergerBundle\\Controller\\AdminController',
  117 => 'Pimcore\\Controller\\ArgumentValueResolver\\DocumentValueResolver',
  118 => 'Pimcore\\Controller\\ArgumentValueResolver\\EditmodeValueResolver',
  119 => 'Pimcore\\Controller\\ArgumentValueResolver\\TemplateVarsValueResolver',
  120 => 'Pimcore\\Controller\\ArgumentValueResolver\\ViewModelValueResolver',
  121 => 'Pimcore\\Controller\\ArgumentValueResolver\\WebsiteConfigValueResolver',
  122 => 'Pimcore\\Controller\\Config\\ConfigNormalizer',
  123 => 'Pimcore\\Controller\\Config\\ControllerDataProvider',
  124 => 'Pimcore\\Controller\\Configuration\\ResponseHeader',
  125 => 'Pimcore\\Controller\\Configuration\\TemplatePhp',
  126 => 'Pimcore\\Controller\\Controller',
  127 => 'Pimcore\\Controller\\EventedControllerInterface',
  128 => 'Pimcore\\Controller\\FrontendController',
  129 => 'Pimcore\\Controller\\TemplateControllerInterface',
  130 => 'Pimcore\\Controller\\Traits\\TemplateControllerTrait',
  131 => 'Presta\\SitemapBundle\\Controller\\SitemapController',
  132 => 'Scheb\\TwoFactorBundle\\Controller\\FormController',
  135 => 'Symfony\\Bundle\\FrameworkBundle\\Controller\\ControllerNameParser',
  136 => 'Symfony\\Bundle\\FrameworkBundle\\Controller\\ControllerResolver',
  137 => 'Symfony\\Bundle\\FrameworkBundle\\Controller\\ControllerTrait',
  138 => 'Symfony\\Bundle\\FrameworkBundle\\Controller\\RedirectController',
  139 => 'Symfony\\Bundle\\FrameworkBundle\\Controller\\TemplateController',
  140 => 'Symfony\\Bundle\\TwigBundle\\Controller\\ExceptionController',
  141 => 'Symfony\\Bundle\\TwigBundle\\Controller\\PreviewErrorController',
  142 => 'Symfony\\Bundle\\WebProfilerBundle\\Controller\\ExceptionController',
  143 => 'Symfony\\Bundle\\WebProfilerBundle\\Controller\\ProfilerController',
  144 => 'Symfony\\Bundle\\WebProfilerBundle\\Controller\\RouterController',
  145 => 'Symfony\\Cmf\\Bundle\\RoutingBundle\\Controller\\RedirectController',
  146 => 'Symfony\\Component\\HttpKernel\\Controller\\ArgumentResolver',
  147 => 'Symfony\\Component\\HttpKernel\\Controller\\ArgumentResolverInterface',
  148 => 'Symfony\\Component\\HttpKernel\\Controller\\ArgumentResolver\\DefaultValueResolver',
  149 => 'Symfony\\Component\\HttpKernel\\Controller\\ArgumentResolver\\RequestAttributeValueResolver',
  150 => 'Symfony\\Component\\HttpKernel\\Controller\\ArgumentResolver\\RequestValueResolver',
  151 => 'Symfony\\Component\\HttpKernel\\Controller\\ArgumentResolver\\ServiceValueResolver',
  152 => 'Symfony\\Component\\HttpKernel\\Controller\\ArgumentResolver\\SessionValueResolver',
  153 => 'Symfony\\Component\\HttpKernel\\Controller\\ArgumentResolver\\VariadicValueResolver',
  154 => 'Symfony\\Component\\HttpKernel\\Controller\\ArgumentValueResolverInterface',
  155 => 'Symfony\\Component\\HttpKernel\\Controller\\ContainerControllerResolver',
  156 => 'Symfony\\Component\\HttpKernel\\Controller\\ControllerReference',
  157 => 'Symfony\\Component\\HttpKernel\\Controller\\ControllerResolver',
  158 => 'Symfony\\Component\\HttpKernel\\Controller\\ControllerResolverInterface',
  159 => 'Symfony\\Component\\HttpKernel\\Controller\\TraceableArgumentResolver',
  160 => 'Symfony\\Component\\HttpKernel\\Controller\\TraceableControllerResolver',
  161 => 'Web2PrintToolsBundle\\Controller\\AdminController',
);